........................................................................ [  2%]
........................................................................ [  5%]
........x............................................................... [  7%]
........................................................................ [ 10%]
........................................................................ [ 13%]
........................................................................ [ 15%]
........................................................................ [ 18%]
........................................................................ [ 20%]
..............s.ss...................................................... [ 23%]
........................................................................ [ 26%]
........................................................................ [ 28%]
........................................................................ [ 31%]
........................................................................ [ 33%]
........................................................................ [ 36%]
........................................................................ [ 39%]
........................................................................ [ 41%]
........................................................................ [ 44%]
........................................................................ [ 46%]
........................................................................ [ 49%]
........................................................................ [ 52%]
........................................................................ [ 54%]
............
=============================== warnings summary ===============================
tests/test_api_test_planning_services.py: 2 warnings
tests/test_api_testing.py: 41 warnings
  /Library/Frameworks/Python.framework/Versions/3.13/lib/python3.13/site-packages/flask/app.py:902: DeprecationWarning: suite_type is deprecated. Use purpose instead.
    return self.ensure_sync(self.view_functions[rule.endpoint])(**view_args)  # type: ignore[no-any-return]

tests/test_api_test_planning_services.py::TestImportFromSuite::test_import_suite_success
tests/test_api_test_planning_services.py::TestImportFromSuite::test_import_suite_success
tests/test_api_test_planning_services.py::TestImportFromSuite::test_import_suite_skips_duplicates
tests/test_api_test_planning_services.py::TestImportFromSuite::test_import_suite_skips_duplicates
tests/test_api_testing.py::TestTestSuites::test_get_suite_include_cases
tests/test_api_testing.py::TestTestSuites::test_delete_suite_unlinks_cases
tests/test_api_testing.py::TestTestCaseSuiteIntegration::test_create_case_with_suite_id
tests/test_api_testing.py::TestTestCaseSuiteIntegration::test_update_case_suite_id
  /Library/Frameworks/Python.framework/Versions/3.13/lib/python3.13/site-packages/flask/app.py:902: DeprecationWarning: suite_id is deprecated. Use suite_ids[] instead.
    return self.ensure_sync(self.view_functions[rule.endpoint])(**view_args)  # type: ignore[no-any-return]

tests/test_auth.py::TestAuthModels::test_tenant_cascade_delete
  /Users/umutsoyyilmaz/Downloads/SAP_Transformation_Platform-main/tests/test_auth.py:330: LegacyAPIWarning: The Query.get() method is considered legacy as of the 1.x series of SQLAlchemy and becomes a legacy construct in 2.0. The method is now available as Session.get() (deprecated since: 2.0) (Background on SQLAlchemy 2.0 at: https://sqlalche.me/e/b8d9)
    assert User.query.get(uid) is None

tests/test_auth.py::TestAuthModels::test_tenant_cascade_delete
  /Users/umutsoyyilmaz/Downloads/SAP_Transformation_Platform-main/tests/test_auth.py:331: LegacyAPIWarning: The Query.get() method is considered legacy as of the 1.x series of SQLAlchemy and becomes a legacy construct in 2.0. The method is now available as Session.get() (deprecated since: 2.0) (Background on SQLAlchemy 2.0 at: https://sqlalche.me/e/b8d9)
    assert Tenant.query.get(tid) is None

tests/test_explore.py::TestProcessLevelModel::test_l3_consolidated_fields
  /Users/umutsoyyilmaz/Downloads/SAP_Transformation_Platform-main/tests/test_explore.py:243: DeprecationWarning: datetime.datetime.utcnow() is deprecated and scheduled for removal in a future version. Use timezone-aware objects to represent datetimes in UTC: datetime.datetime.now(datetime.UTC).
    l3.consolidated_decided_at = datetime.utcnow()

tests/test_explore.py::TestProcessLevelModel::test_l2_readiness_fields
  /Users/umutsoyyilmaz/Downloads/SAP_Transformation_Platform-main/tests/test_explore.py:260: DeprecationWarning: datetime.datetime.utcnow() is deprecated and scheduled for removal in a future version. Use timezone-aware objects to represent datetimes in UTC: datetime.datetime.now(datetime.UTC).
    l2.confirmed_at = datetime.utcnow()

tests/test_explore.py::TestExploreWorkshopModel::test_workshop_timestamps
  /Users/umutsoyyilmaz/Downloads/SAP_Transformation_Platform-main/tests/test_explore.py:330: DeprecationWarning: datetime.datetime.utcnow() is deprecated and scheduled for removal in a future version. Use timezone-aware objects to represent datetimes in UTC: datetime.datetime.now(datetime.UTC).
    now = datetime.utcnow()

tests/test_explore.py::TestExploreRequirementModel::test_req_alm_fields
  /Users/umutsoyyilmaz/Downloads/SAP_Transformation_Platform-main/tests/test_explore.py:605: DeprecationWarning: datetime.datetime.utcnow() is deprecated and scheduled for removal in a future version. Use timezone-aware objects to represent datetimes in UTC: datetime.datetime.now(datetime.UTC).
    req.alm_synced_at = datetime.utcnow()

tests/test_explore.py::TestWorkshopAPI::test_complete_workshop
  /Users/umutsoyyilmaz/Downloads/SAP_Transformation_Platform-main/tests/test_explore.py:1027: DeprecationWarning: datetime.datetime.utcnow() is deprecated and scheduled for removal in a future version. Use timezone-aware objects to represent datetimes in UTC: datetime.datetime.now(datetime.UTC).
    ws.started_at = datetime.utcnow()

-- Docs: https://docs.pytest.org/en/stable/how-to/capture-warnings.html
!!!!!!!!!!!!!!!!!!!!!!!!!!!!!! KeyboardInterrupt !!!!!!!!!!!!!!!!!!!!!!!!!!!!!!!
/Library/Frameworks/Python.framework/Versions/3.13/lib/python3.13/site-packages/sqlalchemy/engine/default.py:941: KeyboardInterrupt
(to show a full traceback on KeyboardInterrupt use --full-trace)
1520 passed, 3 skipped, 11 deselected, 1 xfailed, 58 warnings in 134.79s (0:02:14)
